
> arcx-temp@0.1.0 build
> next build

▲ Next.js 16.2.1 (Turbopack)
- Environments: .env.local

  Creating an optimized production build ...
✓ Compiled successfully in 2.9s
  Running TypeScript ...
node.exe : Failed to type check.
At line:1 char:1
+ & "C:\Program 
Files\nodejs/node.exe" "C:\Program 
Files\nodejs/node_mo ...
+ ~~~~~~~~~~~~~~~~~~~~~~~~~~~~~~~~~~
~~~~~~~~~~~~~~~~~~~~~~~~~~~~~~~~~~~
    + CategoryInfo          : NotSp 
   ecified: (Failed to type check.  
  :String) [], RemoteException
    + FullyQualifiedErrorId : Nativ 
   eCommandError
 

./scripts/deploy.ts:2:9
Type error: Property 'ethers' does 
not exist on type 
'HardhatRuntimeEnvironment'.

  [90m1 |[0m [36mimport[0m hre 
[36mfrom[0m [32m"hardhat"[0m;
[31m[1m>[0m [90m2 |[0m 
[36mconst[0m { ethers } = hre;
  [90m  |[0m         
[31m[1m^[0m
  [90m3 |[0m
  [90m4 |[0m [36masync[0m 
[36mfunction[0m main() {
  [90m5 |[0m   [36mconst[0m 
[deployer] = [36mawait[0m 
ethers.getSigners();
Next.js build worker exited with 
code: 1 and signal: null
